// Jest Snapshot v1, https://goo.gl/fbAQLP

exports[`Tests on <GiftItem /> Must match the snapshot 1`] = `
<div>
  <div
    class="card"
  >
    <img
      alt="Alucard"
      src="https://castlevania.com/random.jpg"
    />
    <p>
      Alucard
    </p>
  </div>
</div>
`;
